┌─────────────────────────────┐
│           MESSAGE           │
├─────────────────────────────┤
│ MapResponse                 │
│ Name                        │
│ Person                      │
│ SimpleRequest               │
│ SimpleResponse              │
│ UnaryBytesRequest           │
│ UnaryEnumRequest            │
│ UnaryHeaderRequest          │
│ UnaryMapMessageRequest      │
│ UnaryMapRequest             │
│ UnaryMessageRequest         │
│ UnaryOneofRequest           │
│ UnaryRepeatedEnumRequest    │
│ UnaryRepeatedMessageRequest │
│ UnaryRepeatedRequest        │
│ UnarySelfRequest            │
└─────────────────────────────┘

